<html>
<body>
<pre>
<h1>µVision Build Log</h1>
<h2>Tool Versions:</h2>
IDE-Version: µVision V5.29.0.0
Copyright (C) 2019 ARM Ltd and ARM Germany GmbH. All rights reserved.
License Information: Pierre Pierre-rog, etud, LIC=----
 
Tool Versions:
Toolchain:       MDK-Lite  Version: 5.29.0.0
Toolchain Path:  D:\Keil\ARM\ARMCC\Bin
C Compiler:      Armcc.exe V5.06 update 6 (build 750)
Assembler:       Armasm.exe V5.06 update 6 (build 750)
Linker/Locator:  ArmLink.exe V5.06 update 6 (build 750)
Library Manager: ArmAr.exe V5.06 update 6 (build 750)
Hex Converter:   FromElf.exe V5.06 update 6 (build 750)
CPU DLL:         SARMCM3.DLL V5.29.0.0
Dialog DLL:      DARMSTM.DLL V1.68.0.0
Target DLL:      STLink\ST-LINKIII-KEIL_SWO.dll V3.0.7.0
Dialog DLL:      TARMSTM.DLL V1.66.0.0
 
<h2>Project:</h2>
D:\Pierre-rog\Desktop\tp_info_mat\Projet_voilier\projet_voilier_stm32_4IR\MDK-ARM\Project.uvprojx
Project File Date:  10/18/2020

<h2>Output:</h2>
*** Using Compiler 'V5.06 update 6 (build 750)', folder: 'D:\Keil\ARM\ARMCC\Bin'
Rebuild target 'NUCLEO-F103RB'
compiling UART.c...
compiling Batterie.c...
..\Services\Batterie.c(4): warning:  #1-D: last line of file ends without a newline
  #include "stm32f1xx_ll_adc.h" 
..\Services\Batterie.c: 1 warning, 0 errors
compiling main.c...
compiling RFEmetteur.c...
..\Services\RFEmetteur.c(4): warning:  #1-D: last line of file ends without a newline
  #include "stm32f1xx_ll_usart.h" 
..\Services\RFEmetteur.c: 1 warning, 0 errors
compiling Girouette.c...
..\Services\Girouette.c(4): warning:  #1-D: last line of file ends without a newline
  #include "stm32f1xx_ll_tim.h" 
..\Services\Girouette.c: 1 warning, 0 errors
compiling Accelero.c...
..\Services\Accelero.c(4): warning:  #1-D: last line of file ends without a newline
  #include "stm32f1xx_ll_adc.h" 
..\Services\Accelero.c: 1 warning, 0 errors
compiling Chrono.c...
compiling stm32f1xx_ll_rcc.c...
compiling Table.c...
..\Services\Table.c(4): warning:  #1-D: last line of file ends without a newline
  #include "stm32f1xx_ll_tim.h" 
..\Services\Table.c: 1 warning, 0 errors
compiling Servo.c...
..\Services\Servo.c(4): warning:  #1-D: last line of file ends without a newline
  #include "stm32f1xx_ll_tim.h" 
..\Services\Servo.c: 1 warning, 0 errors
compiling MyTimer.c...
compiling stm32f1xx_ll_utils.c...
compiling stm32f1xx_ll_tim.c...
assembling startup_stm32f103xb.s...
compiling RFRecepteur.c...
..\Services\RFRecepteur.c(4): warning:  #1-D: last line of file ends without a newline
  #include "stm32f1xx_ll_tim.h" 
..\Services\RFRecepteur.c: 1 warning, 0 errors
compiling system_stm32f1xx.c...
compiling stm32f1xx_ll_gpio.c...
compiling stm32f1xx_ll_usart.c...
compiling stm32f1xx_ll_adc.c...
linking...
Program Size: Code=3662 RO-data=294 RW-data=28 ZI-data=1028  
"NUCLEO-F103RB\NUCLEO-F103RB.axf" - 0 Error(s), 7 Warning(s).

<h2>Software Packages used:</h2>

Package Vendor: ARM
                http://www.keil.com/pack/ARM.CMSIS.5.6.0.pack
                ARM.CMSIS.5.6.0
                CMSIS (Cortex Microcontroller Software Interface Standard)
   * Component: CORE Version: 5.3.0

Package Vendor: Keil
                http://www.keil.com/pack/Keil.STM32F1xx_DFP.2.3.0.pack
                Keil.STM32F1xx_DFP.2.3.0
                STMicroelectronics STM32F1 Series Device Support, Drivers and Examples

<h2>Collection of Component include folders:</h2>
  .\RTE\_NUCLEO-F103RB
  D:\Pierre-rog\AppData\Local\Arm\Packs\ARM\CMSIS\5.6.0\CMSIS\Core\Include
  D:\Pierre-rog\AppData\Local\Arm\Packs\Keil\STM32F1xx_DFP\2.3.0\Device\Include

<h2>Collection of Component Files used:</h2>

   * Component: ARM::CMSIS:CORE:5.3.0
Build Time Elapsed:  00:00:10
</pre>
</body>
</html>
